// Vitest Snapshot v1, https://vitest.dev/guide/snapshot.html

exports[`AddToCartButton component > render matching snapshot 1`] = `
{
  "asFragment": [Function],
  "baseElement": <body>
    <div>
      <button
        aria-label="Add to your cart"
        class="inline-flex items-center justify-center gap-2 whitespace-nowrap font-medium disabled:pointer-events-none disabled:opacity-50 outline-none bg-primary rounded-none text-sm text-white hover:bg-black/80 opacity-0 pointer-events-none transition-all duration-300 group-hover:opacity-100 group-hover:pointer-events-auto w-full h-62"
        data-slot="button"
      >
        Add to your cart
      </button>
    </div>
  </body>,
  "container": <div>
    <button
      aria-label="Add to your cart"
      class="inline-flex items-center justify-center gap-2 whitespace-nowrap font-medium disabled:pointer-events-none disabled:opacity-50 outline-none bg-primary rounded-none text-sm text-white hover:bg-black/80 opacity-0 pointer-events-none transition-all duration-300 group-hover:opacity-100 group-hover:pointer-events-auto w-full h-62"
      data-slot="button"
    >
      Add to your cart
    </button>
  </div>,
  "debug": [Function],
  "findAllByAltText": [Function],
  "findAllByDisplayValue": [Function],
  "findAllByLabelText": [Function],
  "findAllByPlaceholderText": [Function],
  "findAllByRole": [Function],
  "findAllByTestId": [Function],
  "findAllByText": [Function],
  "findAllByTitle": [Function],
  "findByAltText": [Function],
  "findByDisplayValue": [Function],
  "findByLabelText": [Function],
  "findByPlaceholderText": [Function],
  "findByRole": [Function],
  "findByTestId": [Function],
  "findByText": [Function],
  "findByTitle": [Function],
  "getAllByAltText": [Function],
  "getAllByDisplayValue": [Function],
  "getAllByLabelText": [Function],
  "getAllByPlaceholderText": [Function],
  "getAllByRole": [Function],
  "getAllByTestId": [Function],
  "getAllByText": [Function],
  "getAllByTitle": [Function],
  "getByAltText": [Function],
  "getByDisplayValue": [Function],
  "getByLabelText": [Function],
  "getByPlaceholderText": [Function],
  "getByRole": [Function],
  "getByTestId": [Function],
  "getByText": [Function],
  "getByTitle": [Function],
  "queryAllByAltText": [Function],
  "queryAllByDisplayValue": [Function],
  "queryAllByLabelText": [Function],
  "queryAllByPlaceholderText": [Function],
  "queryAllByRole": [Function],
  "queryAllByTestId": [Function],
  "queryAllByText": [Function],
  "queryAllByTitle": [Function],
  "queryByAltText": [Function],
  "queryByDisplayValue": [Function],
  "queryByLabelText": [Function],
  "queryByPlaceholderText": [Function],
  "queryByRole": [Function],
  "queryByTestId": [Function],
  "queryByText": [Function],
  "queryByTitle": [Function],
  "rerender": [Function],
  "unmount": [Function],
}
`;
